../Core/Src/main.c:67:5:__io_putchar	16	static
../Core/Src/main.c:82:6:add_to_history	16	static
../Core/Src/main.c:87:7:read_distance	24	static
../Core/Src/main.c:118:6:displayNumber	24	static
../Core/Src/main.c:144:6:handle_buttons	248	static
../Core/Src/main.c:247:5:main	16	static
../Core/Src/main.c:314:6:SystemClock_Config	72	static
../Core/Src/main.c:354:13:MX_TIM1_Init	56	static
../Core/Src/main.c:409:13:MX_TIM3_Init	32	static
../Core/Src/main.c:454:13:MX_USART1_UART_Init	8	static
../Core/Src/main.c:487:13:MX_GPIO_Init	40	static
../Core/Src/main.c:549:6:HAL_TIM_PeriodElapsedCallback	16	static
../Core/Src/main.c:562:6:Error_Handler	4	static,ignoring_inline_asm
